I'm sorry, but errors were detected in your script. Please correct the
errors listed below, and try again.


File "game/scenes/introduction.rpy", line 23: indentation mismatch.

Ren'Py Version: Ren'Py 7.4.10.2178
Fri Nov 26 22:16:57 2021
